warning: method `wordname` is never used
   --> src/game.rs:623:12
    |
556 | impl SendableState {
    | ------------------ method in this implementation
...
623 |     pub fn wordname(&self) -> String {
    |            ^^^^^^^^
    |
    = note: `#[warn(dead_code)]` (part of `#[warn(unused)]`) on by default

warning: `bitaib` (bin "bitaib") generated 1 warning
    Finished `dev` profile [unoptimized + debuginfo] target(s) in 0.19s
     Running `target/debug/bitaib --words resources/wordstxtembeddings.json`
[2026-06-25T21:54:48Z ERROR warp::filters::fs] file open error (path="frontend/index.html/lobbies"): Not a directory (os error 20)
[2026-06-25T21:54:48Z ERROR warp::filters::fs] file open error (path="frontend/index.html/global_chat"): Not a directory (os error 20)
[2026-06-25T21:54:49Z ERROR warp::filters::fs] file open error (path="frontend/index.html/chat"): Not a directory (os error 20)
[2026-06-25T21:54:53Z ERROR warp::filters::fs] file open error (path="frontend/index.html/chat"): Not a directory (os error 20)
[2026-06-25T21:54:57Z ERROR warp::filters::fs] file open error (path="frontend/index.html/chat"): Not a directory (os error 20)
[2026-06-25T21:55:01Z ERROR warp::filters::fs] file open error (path="frontend/index.html/chat"): Not a directory (os error 20)
[2026-06-25T21:55:05Z ERROR warp::filters::fs] file open error (path="frontend/index.html/chat"): Not a directory (os error 20)
[2026-06-25T21:55:09Z ERROR warp::filters::fs] file open error (path="frontend/index.html/chat"): Not a directory (os error 20)
[2026-06-25T21:55:13Z ERROR warp::filters::fs] file open error (path="frontend/index.html/chat"): Not a directory (os error 20)
[2026-06-25T21:55:17Z ERROR warp::filters::fs] file open error (path="frontend/index.html/chat"): Not a directory (os error 20)
